{
  "$schema": "https://json-schema.org/draft/2020-12/schema",
  "abstract": null,
  "base": "http://hl7.org/fhir/StructureDefinition/Resource",
  "base_definition": "http://hl7.org/fhir/StructureDefinition/Resource",
  "class": "resource",
  "constraints": [
    {
      "expression": "total.empty() or (type = 'searchset') or (type = 'history')",
      "human": "total only when a search or history",
      "key": "bdl-1",
      "severity": "error",
      "source": null,
      "xpath": "not(f:total) or (f:type/@value = 'searchset') or (f:type/@value = 'history')"
    },
    {
      "expression": "resource.exists() or request.exists() or response.exists()",
      "human": "must be a resource unless there's a request or response",
      "key": "bdl-5",
      "severity": "error",
      "source": null,
      "xpath": "f:resource or f:request or f:response"
    }
  ],
  "derivation": "specialization",
  "description": "A container for a collection of resources.",
  "elements": {
    "Bundle": {
      "binding": null,
      "comment": null,
      "constraints": [
        {
          "expression": "total.empty() or (type = 'searchset') or (type = 'history')",
          "human": "total only when a search or history",
          "key": "bdl-1",
          "severity": "error",
          "source": null,
          "xpath": null
        }
      ],
      "definition": "A container for a collection of resources.",
      "fixed": null,
      "is_modifier": false,
      "is_summary": false,
      "mapping": [],
      "max": "*",
      "min": 0,
      "path": "Bundle",
      "pattern": null,
      "short": "Contains a collection of resources",
      "type": null
    },
    "Bundle.entry": {
      "binding": null,
      "comment": null,
      "constraints": [
        {
          "expression": "resource.exists() or request.exists() or response.exists()",
          "human": "must be a resource unless there's a request or response",
          "key": "bdl-5",
          "severity": "error",
          "source": null,
          "xpath": null
        }
      ],
      "definition": "An entry in a bundle resource - will either contain a resource or information about a resource (transactions and history only).",
      "fixed": null,
      "is_modifier": false,
      "is_summary": true,
      "mapping": [],
      "max": "*",
      "min": 0,
      "path": "Bundle.entry",
      "pattern": null,
      "short": "Entry in the bundle - will have a resource or information",
      "type": [
        {
          "aggregation": null,
          "code": "BackboneElement",
          "profile": null,
          "target_profile": null,
          "versioning": null
        }
      ]
    },
    "Bundle.entry.resource": {
      "binding": null,
      "comment": null,
      "constraints": [],
      "definition": "The Resource for the entry. The purpose/meaning of the resource is determined by the Bundle.type.",
      "fixed": null,
      "is_modifier": false,
      "is_summary": true,
      "mapping": [],
      "max": "1",
      "min": 0,
      "path": "Bundle.entry.resource",
      "pattern": null,
      "short": "A resource in the bundle",
      "type": [
        {
          "aggregation": null,
          "code": "Resource",
          "profile": null,
          "target_profile": null,
          "versioning": null
        }
      ]
    },
    "Bundle.id": {
      "binding": null,
      "comment": null,
      "constraints": [],
      "definition": "The logical id of the resource, as used in the URL for the resource.",
      "fixed": null,
      "is_modifier": false,
      "is_summary": true,
      "mapping": [],
      "max": "1",
      "min": 0,
      "path": "Bundle.id",
      "pattern": null,
      "short": "Logical id of this artifact",
      "type": [
        {
          "aggregation": null,
          "code": "http://hl7.org/fhirpath/System.String",
          "profile": null,
          "target_profile": null,
          "versioning": null
        }
      ]
    },
    "Bundle.total": {
      "binding": null,
      "comment": null,
      "constraints": [],
      "definition": "If a set of search matches, this is the total number of entries of type 'match' across all pages in the search.",
      "fixed": null,
      "is_modifier": false,
      "is_summary": true,
      "mapping": [],
      "max": "1",
      "min": 0,
      "path": "Bundle.total",
      "pattern": null,
      "short": "If search, the total number of matches",
      "type": [
        {
          "aggregation": null,
          "code": "unsignedInt",
          "profile": null,
          "target_profile": null,
          "versioning": null
        }
      ]
    },
    "Bundle.type": {
      "binding": {
        "description": "Indicates the purpose of a bundle - how it is intended to be used.",
        "strength": "required",
        "value_set": "http://hl7.org/fhir/ValueSet/bundle-type"
      },
      "comment": null,
      "constraints": [],
      "definition": "Indicates the purpose of this bundle - how it is intended to be used.",
      "fixed": null,
      "is_modifier": false,
      "is_summary": true,
      "mapping": [],
      "max": "1",
      "min": 1,
      "path": "Bundle.type",
      "pattern": null,
      "short": "document | message | transaction | transaction-response | batch | batch-response | history | searchset | collection",
      "type": [
        {
          "aggregation": null,
          "code": "code",
          "profile": null,
          "target_profile": null,
          "versioning": null
        }
      ]
    }
  },
  "kind": "resource",
  "name": "Bundle",
  "slicing": {},
  "status": "active",
  "title": "Bundle",
  "type": "Bundle",
  "url": "http://hl7.org/fhir/StructureDefinition/Bundle",
  "version": "4.0.1"
}