{
  "$schema": "https://json-schema.org/draft/2020-12/schema",
  "abstract": null,
  "base": "http://hl7.org/fhir/StructureDefinition/DomainResource",
  "base_definition": "http://hl7.org/fhir/StructureDefinition/DomainResource",
  "class": "resource",
  "constraints": [
    {
      "expression": "contained.contained.empty()",
      "human": "If the resource is contained in another resource, it SHALL NOT contain nested Resources",
      "key": "dom-2",
      "severity": "error",
      "source": "http://hl7.org/fhir/StructureDefinition/DomainResource",
      "xpath": "not(parent::f:contained and f:contained)"
    }
  ],
  "derivation": "specialization",
  "description": "An order or request for both supply of the medication and the instructions for administration of the medication to a patient.",
  "elements": {
    "MedicationRequest": {
      "binding": null,
      "comment": null,
      "constraints": [
        {
          "expression": "contained.contained.empty()",
          "human": "If the resource is contained in another resource, it SHALL NOT contain nested Resources",
          "key": "dom-2",
          "severity": "error",
          "source": null,
          "xpath": null
        }
      ],
      "definition": "An order or request for both supply of the medication and the instructions for administration of the medication to a patient.",
      "fixed": null,
      "is_modifier": false,
      "is_summary": false,
      "mapping": [],
      "max": "*",
      "min": 0,
      "path": "MedicationRequest",
      "pattern": null,
      "short": "Ordering of medication for patient or group",
      "type": null
    },
    "MedicationRequest.id": {
      "binding": null,
      "comment": null,
      "constraints": [],
      "definition": "The logical id of the resource, as used in the URL for the resource.",
      "fixed": null,
      "is_modifier": false,
      "is_summary": true,
      "mapping": [],
      "max": "1",
      "min": 0,
      "path": "MedicationRequest.id",
      "pattern": null,
      "short": "Logical id of this artifact",
      "type": [
        {
          "aggregation": null,
          "code": "http://hl7.org/fhirpath/System.String",
          "profile": null,
          "target_profile": null,
          "versioning": null
        }
      ]
    },
    "MedicationRequest.intent": {
      "binding": {
        "description": "The kind of medication order.",
        "strength": "required",
        "value_set": "http://hl7.org/fhir/ValueSet/medicationrequest-intent"
      },
      "comment": null,
      "constraints": [],
      "definition": "Whether the request is a proposal, plan, or an original order.",
      "fixed": null,
      "is_modifier": true,
      "is_summary": true,
      "mapping": [],
      "max": "1",
      "min": 1,
      "path": "MedicationRequest.intent",
      "pattern": null,
      "short": "proposal | plan | order | original-order | reflex-order | filler-order | instance-order | option",
      "type": [
        {
          "aggregation": null,
          "code": "code",
          "profile": null,
          "target_profile": null,
          "versioning": null
        }
      ]
    },
    "MedicationRequest.medicationCodeableConcept": {
      "binding": {
        "description": null,
        "strength": "example",
        "value_set": null
      },
      "comment": null,
      "constraints": [],
      "definition": "Identifies the medication being requested. This is a link to a resource that represents the medication which may be the details of the medication or simply an attribute carrying a code that identifies the medication from a known list of medications.",
      "fixed": null,
      "is_modifier": false,
      "is_summary": true,
      "mapping": [],
      "max": "1",
      "min": 1,
      "path": "MedicationRequest.medicationCodeableConcept",
      "pattern": null,
      "short": "Medication to be taken",
      "type": [
        {
          "aggregation": null,
          "code": "CodeableConcept",
          "profile": null,
          "target_profile": null,
          "versioning": null
        }
      ]
    },
    "MedicationRequest.medicationReference": {
      "binding": null,
      "comment": null,
      "constraints": [],
      "definition": "Identifies the medication being requested. This is a link to a resource that represents the medication which may be the details of the medication or simply an attribute carrying a code that identifies the medication from a known list of medications.",
      "fixed": null,
      "is_modifier": false,
      "is_summary": true,
      "mapping": [],
      "max": "1",
      "min": 1,
      "path": "MedicationRequest.medicationReference",
      "pattern": null,
      "short": "Medication to be taken",
      "type": [
        {
          "aggregation": null,
          "code": "Reference",
          "profile": null,
          "target_profile": [
            "http://hl7.org/fhir/StructureDefinition/Medication"
          ],
          "versioning": null
        }
      ]
    },
    "MedicationRequest.status": {
      "binding": {
        "description": "A coded concept specifying the state of the prescribing event. Describes the lifecycle of the prescription.",
        "strength": "required",
        "value_set": "http://hl7.org/fhir/ValueSet/medicationrequest-status"
      },
      "comment": null,
      "constraints": [],
      "definition": "A code specifying the current state of the order.",
      "fixed": null,
      "is_modifier": true,
      "is_summary": true,
      "mapping": [],
      "max": "1",
      "min": 1,
      "path": "MedicationRequest.status",
      "pattern": null,
      "short": "active | on-hold | cancelled | completed | entered-in-error | stopped | draft | unknown",
      "type": [
        {
          "aggregation": null,
          "code": "code",
          "profile": null,
          "target_profile": null,
          "versioning": null
        }
      ]
    },
    "MedicationRequest.subject": {
      "binding": null,
      "comment": null,
      "constraints": [],
      "definition": "A link to a resource representing the person or set of individuals to whom the medication will be given.",
      "fixed": null,
      "is_modifier": false,
      "is_summary": true,
      "mapping": [],
      "max": "1",
      "min": 1,
      "path": "MedicationRequest.subject",
      "pattern": null,
      "short": "Who or group medication request is for",
      "type": [
        {
          "aggregation": null,
          "code": "Reference",
          "profile": null,
          "target_profile": [
            "http://hl7.org/fhir/StructureDefinition/Patient",
            "http://hl7.org/fhir/StructureDefinition/Group"
          ],
          "versioning": null
        }
      ]
    }
  },
  "kind": "resource",
  "name": "MedicationRequest",
  "slicing": {},
  "status": "active",
  "title": "MedicationRequest",
  "type": "MedicationRequest",
  "url": "http://hl7.org/fhir/StructureDefinition/MedicationRequest",
  "version": "4.0.1"
}