{
  "$schema": "https://json-schema.org/draft/2020-12/schema",
  "abstract": null,
  "base": "http://hl7.org/fhir/StructureDefinition/DomainResource",
  "base_definition": "http://hl7.org/fhir/StructureDefinition/DomainResource",
  "class": "resource",
  "constraints": [
    {
      "expression": "dataAbsentReason.empty() or value.empty()",
      "human": "dataAbsentReason SHALL only be present if Observation.value[x] is not present",
      "key": "obs-6",
      "severity": "error",
      "source": null,
      "xpath": "not(exists(f:dataAbsentReason)) or not(exists(f:*[starts-with(local-name(.), 'value')]))"
    }
  ],
  "derivation": "specialization",
  "description": "Measurements and simple assertions made about a patient, device or other subject.",
  "elements": {
    "Observation": {
      "binding": null,
      "comment": null,
      "constraints": [
        {
          "expression": "dataAbsentReason.empty() or value.empty()",
          "human": "dataAbsentReason SHALL only be present if Observation.value[x] is not present",
          "key": "obs-6",
          "severity": "error",
          "source": null,
          "xpath": null
        }
      ],
      "definition": "Measurements and simple assertions made about a patient, device or other subject.",
      "fixed": null,
      "is_modifier": false,
      "is_summary": false,
      "mapping": [],
      "max": "*",
      "min": 0,
      "path": "Observation",
      "pattern": null,
      "short": "Measurements and simple assertions",
      "type": null
    },
    "Observation.code": {
      "binding": {
        "description": "Codes identifying names of simple observations.",
        "strength": "example",
        "value_set": "http://hl7.org/fhir/ValueSet/observation-codes"
      },
      "comment": null,
      "constraints": [],
      "definition": "Describes what was observed. Sometimes this is called the observation \"name\".",
      "fixed": null,
      "is_modifier": false,
      "is_summary": true,
      "mapping": [],
      "max": "1",
      "min": 1,
      "path": "Observation.code",
      "pattern": null,
      "short": "Type of observation (code / type)",
      "type": [
        {
          "aggregation": null,
          "code": "CodeableConcept",
          "profile": null,
          "target_profile": null,
          "versioning": null
        }
      ]
    },
    "Observation.id": {
      "binding": null,
      "comment": null,
      "constraints": [],
      "definition": "The logical id of the resource, as used in the URL for the resource.",
      "fixed": null,
      "is_modifier": false,
      "is_summary": true,
      "mapping": [],
      "max": "1",
      "min": 0,
      "path": "Observation.id",
      "pattern": null,
      "short": "Logical id of this artifact",
      "type": [
        {
          "aggregation": null,
          "code": "http://hl7.org/fhirpath/System.String",
          "profile": null,
          "target_profile": null,
          "versioning": null
        }
      ]
    },
    "Observation.status": {
      "binding": {
        "description": "Codes providing the status of an observation.",
        "strength": "required",
        "value_set": "http://hl7.org/fhir/ValueSet/observation-status"
      },
      "comment": null,
      "constraints": [],
      "definition": "The status of the result value.",
      "fixed": null,
      "is_modifier": true,
      "is_summary": true,
      "mapping": [],
      "max": "1",
      "min": 1,
      "path": "Observation.status",
      "pattern": null,
      "short": "registered | preliminary | final | amended +",
      "type": [
        {
          "aggregation": null,
          "code": "code",
          "profile": null,
          "target_profile": null,
          "versioning": null
        }
      ]
    },
    "Observation.subject": {
      "binding": null,
      "comment": null,
      "constraints": [],
      "definition": "The patient, or group of patients, location, or device this observation is about.",
      "fixed": null,
      "is_modifier": false,
      "is_summary": true,
      "mapping": [],
      "max": "1",
      "min": 0,
      "path": "Observation.subject",
      "pattern": null,
      "short": "Who and/or what the observation is about",
      "type": [
        {
          "aggregation": null,
          "code": "Reference",
          "profile": null,
          "target_profile": [
            "http://hl7.org/fhir/StructureDefinition/Patient",
            "http://hl7.org/fhir/StructureDefinition/Group",
            "http://hl7.org/fhir/StructureDefinition/Device",
            "http://hl7.org/fhir/StructureDefinition/Location"
          ],
          "versioning": null
        }
      ]
    },
    "Observation.valueBoolean": {
      "binding": null,
      "comment": null,
      "constraints": [],
      "definition": "The information determined as a result of making the observation, if the information has a simple value.",
      "fixed": null,
      "is_modifier": false,
      "is_summary": true,
      "mapping": [],
      "max": "1",
      "min": 0,
      "path": "Observation.valueBoolean",
      "pattern": null,
      "short": "Actual result",
      "type": [
        {
          "aggregation": null,
          "code": "boolean",
          "profile": null,
          "target_profile": null,
          "versioning": null
        }
      ]
    },
    "Observation.valueCodeableConcept": {
      "binding": null,
      "comment": null,
      "constraints": [],
      "definition": "The information determined as a result of making the observation, if the information has a simple value.",
      "fixed": null,
      "is_modifier": false,
      "is_summary": true,
      "mapping": [],
      "max": "1",
      "min": 0,
      "path": "Observation.valueCodeableConcept",
      "pattern": null,
      "short": "Actual result",
      "type": [
        {
          "aggregation": null,
          "code": "CodeableConcept",
          "profile": null,
          "target_profile": null,
          "versioning": null
        }
      ]
    },
    "Observation.valueDateTime": {
      "binding": null,
      "comment": null,
      "constraints": [],
      "definition": "The information determined as a result of making the observation, if the information has a simple value.",
      "fixed": null,
      "is_modifier": false,
      "is_summary": true,
      "mapping": [],
      "max": "1",
      "min": 0,
      "path": "Observation.valueDateTime",
      "pattern": null,
      "short": "Actual result",
      "type": [
        {
          "aggregation": null,
          "code": "dateTime",
          "profile": null,
          "target_profile": null,
          "versioning": null
        }
      ]
    },
    "Observation.valueInteger": {
      "binding": null,
      "comment": null,
      "constraints": [],
      "definition": "The information determined as a result of making the observation, if the information has a simple value.",
      "fixed": null,
      "is_modifier": false,
      "is_summary": true,
      "mapping": [],
      "max": "1",
      "min": 0,
      "path": "Observation.valueInteger",
      "pattern": null,
      "short": "Actual result",
      "type": [
        {
          "aggregation": null,
          "code": "integer",
          "profile": null,
          "target_profile": null,
          "versioning": null
        }
      ]
    },
    "Observation.valuePeriod": {
      "binding": null,
      "comment": null,
      "constraints": [],
      "definition": "The information determined as a result of making the observation, if the information has a simple value.",
      "fixed": null,
      "is_modifier": false,
      "is_summary": true,
      "mapping": [],
      "max": "1",
      "min": 0,
      "path": "Observation.valuePeriod",
      "pattern": null,
      "short": "Actual result",
      "type": [
        {
          "aggregation": null,
          "code": "Period",
          "profile": null,
          "target_profile": null,
          "versioning": null
        }
      ]
    },
    "Observation.valueQuantity": {
      "binding": null,
      "comment": null,
      "constraints": [],
      "definition": "The information determined as a result of making the observation, if the information has a simple value.",
      "fixed": null,
      "is_modifier": false,
      "is_summary": true,
      "mapping": [],
      "max": "1",
      "min": 0,
      "path": "Observation.valueQuantity",
      "pattern": null,
      "short": "Actual result",
      "type": [
        {
          "aggregation": null,
          "code": "Quantity",
          "profile": null,
          "target_profile": null,
          "versioning": null
        }
      ]
    },
    "Observation.valueRange": {
      "binding": null,
      "comment": null,
      "constraints": [],
      "definition": "The information determined as a result of making the observation, if the information has a simple value.",
      "fixed": null,
      "is_modifier": false,
      "is_summary": true,
      "mapping": [],
      "max": "1",
      "min": 0,
      "path": "Observation.valueRange",
      "pattern": null,
      "short": "Actual result",
      "type": [
        {
          "aggregation": null,
          "code": "Range",
          "profile": null,
          "target_profile": null,
          "versioning": null
        }
      ]
    },
    "Observation.valueRatio": {
      "binding": null,
      "comment": null,
      "constraints": [],
      "definition": "The information determined as a result of making the observation, if the information has a simple value.",
      "fixed": null,
      "is_modifier": false,
      "is_summary": true,
      "mapping": [],
      "max": "1",
      "min": 0,
      "path": "Observation.valueRatio",
      "pattern": null,
      "short": "Actual result",
      "type": [
        {
          "aggregation": null,
          "code": "Ratio",
          "profile": null,
          "target_profile": null,
          "versioning": null
        }
      ]
    },
    "Observation.valueSampledData": {
      "binding": null,
      "comment": null,
      "constraints": [],
      "definition": "The information determined as a result of making the observation, if the information has a simple value.",
      "fixed": null,
      "is_modifier": false,
      "is_summary": true,
      "mapping": [],
      "max": "1",
      "min": 0,
      "path": "Observation.valueSampledData",
      "pattern": null,
      "short": "Actual result",
      "type": [
        {
          "aggregation": null,
          "code": "SampledData",
          "profile": null,
          "target_profile": null,
          "versioning": null
        }
      ]
    },
    "Observation.valueString": {
      "binding": null,
      "comment": null,
      "constraints": [],
      "definition": "The information determined as a result of making the observation, if the information has a simple value.",
      "fixed": null,
      "is_modifier": false,
      "is_summary": true,
      "mapping": [],
      "max": "1",
      "min": 0,
      "path": "Observation.valueString",
      "pattern": null,
      "short": "Actual result",
      "type": [
        {
          "aggregation": null,
          "code": "string",
          "profile": null,
          "target_profile": null,
          "versioning": null
        }
      ]
    },
    "Observation.valueTime": {
      "binding": null,
      "comment": null,
      "constraints": [],
      "definition": "The information determined as a result of making the observation, if the information has a simple value.",
      "fixed": null,
      "is_modifier": false,
      "is_summary": true,
      "mapping": [],
      "max": "1",
      "min": 0,
      "path": "Observation.valueTime",
      "pattern": null,
      "short": "Actual result",
      "type": [
        {
          "aggregation": null,
          "code": "time",
          "profile": null,
          "target_profile": null,
          "versioning": null
        }
      ]
    }
  },
  "kind": "resource",
  "name": "Observation",
  "slicing": {},
  "status": "active",
  "title": "Observation",
  "type": "Observation",
  "url": "http://hl7.org/fhir/StructureDefinition/Observation",
  "version": "4.0.1"
}