{
  "resourceType": "StructureDefinition",
  "id": "Bundle",
  "url": "http://hl7.org/fhir/StructureDefinition/Bundle",
  "version": "4.0.1",
  "name": "Bundle",
  "title": "Bundle",
  "status": "active",
  "date": "2019-11-01T09:29:23+11:00",
  "publisher": "Health Level Seven International (FHIR Infrastructure)",
  "description": "A container for a collection of resources.",
  "fhirVersion": "4.0.1",
  "kind": "resource",
  "abstract": false,
  "type": "Bundle",
  "baseDefinition": "http://hl7.org/fhir/StructureDefinition/Resource",
  "derivation": "specialization",
  "snapshot": {
    "element": [
      {
        "id": "Bundle",
        "path": "Bundle",
        "short": "Contains a collection of resources",
        "definition": "A container for a collection of resources.",
        "min": 0,
        "max": "*",
        "base": {
          "path": "Bundle",
          "min": 0,
          "max": "*"
        },
        "constraint": [
          {
            "key": "bdl-1",
            "severity": "error",
            "human": "total only when a search or history",
            "expression": "total.empty() or (type = 'searchset') or (type = 'history')",
            "xpath": "not(f:total) or (f:type/@value = 'searchset') or (f:type/@value = 'history')"
          }
        ],
        "isModifier": false,
        "isSummary": false
      },
      {
        "id": "Bundle.id",
        "path": "Bundle.id",
        "short": "Logical id of this artifact",
        "definition": "The logical id of the resource, as used in the URL for the resource.",
        "min": 0,
        "max": "1",
        "base": {
          "path": "Resource.id",
          "min": 0,
          "max": "1"
        },
        "type": [
          {
            "extension": [
              {
                "url": "http://hl7.org/fhir/StructureDefinition/structuredefinition-fhir-type",
                "valueUrl": "id"
              }
            ],
            "code": "http://hl7.org/fhirpath/System.String"
          }
        ],
        "isModifier": false,
        "isSummary": true
      },
      {
        "id": "Bundle.type",
        "path": "Bundle.type",
        "short": "document | message | transaction | transaction-response | batch | batch-response | history | searchset | collection",
        "definition": "Indicates the purpose of this bundle - how it is intended to be used.",
        "min": 1,
        "max": "1",
        "base": {
          "path": "Bundle.type",
          "min": 1,
          "max": "1"
        },
        "type": [
          {
            "code": "code"
          }
        ],
        "isModifier": false,
        "isSummary": true,
        "binding": {
          "extension": [
            {
              "url": "http://hl7.org/fhir/StructureDefinition/elementdefinition-bindingName",
              "valueString": "BundleType"
            }
          ],
          "strength": "required",
          "description": "Indicates the purpose of a bundle - how it is intended to be used.",
          "valueSet": "http://hl7.org/fhir/ValueSet/bundle-type"
        }
      },
      {
        "id": "Bundle.total",
        "path": "Bundle.total",
        "short": "If search, the total number of matches",
        "definition": "If a set of search matches, this is the total number of entries of type 'match' across all pages in the search.",
        "min": 0,
        "max": "1",
        "base": {
          "path": "Bundle.total",
          "min": 0,
          "max": "1"
        },
        "type": [
          {
            "code": "unsignedInt"
          }
        ],
        "condition": [
          "bdl-1"
        ],
        "isModifier": false,
        "isSummary": true
      },
      {
        "id": "Bundle.entry",
        "path": "Bundle.entry",
        "short": "Entry in the bundle - will have a resource or information",
        "definition": "An entry in a bundle resource - will either contain a resource or information about a resource (transactions and history only).",
        "min": 0,
        "max": "*",
        "base": {
          "path": "Bundle.entry",
          "min": 0,
          "max": "*"
        },
        "type": [
          {
            "code": "BackboneElement"
          }
        ],
        "constraint": [
          {
            "key": "bdl-5",
            "severity": "error",
            "human": "must be a resource unless there's a request or response",
            "expression": "resource.exists() or request.exists() or response.exists()",
            "xpath": "f:resource or f:request or f:response"
          }
        ],
        "isModifier": false,
        "isSummary": true
      },
      {
        "id": "Bundle.entry.resource",
        "path": "Bundle.entry.resource",
        "short": "A resource in the bundle",
        "definition": "The Resource for the entry. The purpose/meaning of the resource is determined by the Bundle.type.",
        "min": 0,
        "max": "1",
        "base": {
          "path": "Bundle.entry.resource",
          "min": 0,
          "max": "1"
        },
        "type": [
          {
            "code": "Resource"
          }
        ],
        "isModifier": false,
        "isSummary": true
      }
    ]
  }
}
