{
  "resourceType": "StructureDefinition",
  "id": "ElementDefinition",
  "url": "http://hl7.org/fhir/StructureDefinition/ElementDefinition",
  "version": "4.0.1",
  "name": "ElementDefinition",
  "title": "ElementDefinition",
  "status": "active",
  "date": "2019-11-01T09:29:23+11:00",
  "publisher": "Health Level Seven International (FHIR Infrastructure)",
  "description": "Captures constraints on each element within the resource, profile, or extension.",
  "fhirVersion": "4.0.1",
  "kind": "complex-type",
  "abstract": false,
  "type": "ElementDefinition",
  "baseDefinition": "http://hl7.org/fhir/StructureDefinition/BackboneElement",
  "derivation": "specialization",
  "snapshot": {
    "element": [
      {
        "id": "ElementDefinition",
        "path": "ElementDefinition",
        "short": "Definition of an element in a resource or extension",
        "definition": "Captures constraints on each element within the resource, profile, or extension.",
        "min": 0,
        "max": "*",
        "base": {
          "path": "ElementDefinition",
          "min": 0,
          "max": "*"
        },
        "constraint": [
          {
            "key": "eld-2",
            "severity": "error",
            "human": "Min <= Max",
            "expression": "min.empty() or max.empty() or (max = '*') or iif(max != '*', min <= max.toInteger())",
            "xpath": "not(exists(f:min)) or not(exists(f:max)) or (not(f:max/@value) and not(f:min/@value)) or (f:max/@value = '*') or (number(f:max/@value) >= f:min/@value)"
          }
        ],
        "isModifier": false,
        "isSummary": false
      },
      {
        "id": "ElementDefinition.id",
        "path": "ElementDefinition.id",
        "representation": [
          "xmlAttr"
        ],
        "short": "Unique id for inter-element referencing",
        "definition": "Unique id for the element within a resource (for internal references).",
        "min": 0,
        "max": "1",
        "base": {
          "path": "Element.id",
          "min": 0,
          "max": "1"
        },
        "type": [
          {
            "extension": [
              {
                "url": "http://hl7.org/fhir/StructureDefinition/structuredefinition-fhir-type",
                "valueUrl": "string"
              }
            ],
            "code": "http://hl7.org/fhirpath/System.String"
          }
        ],
        "isModifier": false,
        "isSummary": false
      },
      {
        "id": "ElementDefinition.path",
        "path": "ElementDefinition.path",
        "short": "Path of the element in the hierarchy of elements",
        "definition": "The path identifies the element and is expressed as a \".\"-separated list of ancestor elements, beginning with the name of the resource or extension.",
        "min": 1,
        "max": "1",
        "base": {
          "path": "ElementDefinition.path",
          "min": 1,
          "max": "1"
        },
        "type": [
          {
            "code": "string"
          }
        ],
        "isModifier": false,
        "isSummary": true
      },
      {
        "id": "ElementDefinition.short",
        "path": "ElementDefinition.short",
        "short": "Concise definition for space-constrained presentation",
        "definition": "A concise description of what this element means (e.g. for use in autogenerated summaries).",
        "min": 0,
        "max": "1",
        "base": {
          "path": "ElementDefinition.short",
          "min": 0,
          "max": "1"
        },
        "type": [
          {
            "code": "string"
          }
        ],
        "isModifier": false,
        "isSummary": true
      },
      {
        "id": "ElementDefinition.definition",
        "path": "ElementDefinition.definition",
        "short": "Full formal definition as narrative text",
        "definition": "Provides a complete explanation of the meaning of the data element for human readability.",
        "min": 0,
        "max": "1",
        "base": {
          "path": "ElementDefinition.definition",
          "min": 0,
          "max": "1"
        },
        "type": [
          {
            "code": "markdown"
          }
        ],
        "isModifier": false,
        "isSummary": true
      },
      {
        "id": "ElementDefinition.min",
        "path": "ElementDefinition.min",
        "short": "Minimum Cardinality",
        "definition": "The minimum number of times this element SHALL appear in the instance.",
        "min": 0,
        "max": "1",
        "base": {
          "path": "ElementDefinition.min",
          "min": 0,
          "max": "1"
        },
        "type": [
          {
            "code": "unsignedInt"
          }
        ],
        "condition": [
          "eld-2"
        ],
        "isModifier": false,
        "isSummary": true
      },
      {
        "id": "ElementDefinition.max",
        "path": "ElementDefinition.max",
        "short": "Maximum Cardinality (a number or *)",
        "definition": "The maximum number of times this element is permitted to appear in the instance.",
        "min": 0,
        "max": "1",
        "base": {
          "path": "ElementDefinition.max",
          "min": 0,
          "max": "1"
        },
        "type": [
          {
            "code": "string"
          }
        ],
        "condition": [
          "eld-2"
        ],
        "isModifier": false,
        "isSummary": true
      },
      {
        "id": "ElementDefinition.type",
        "path": "ElementDefinition.type",
        "short": "Data type and Profile for this element",
        "definition": "The data type or resource that the value of this element is permitted to be.",
        "min": 0,
        "max": "*",
        "base": {
          "path": "ElementDefinition.type",
          "min": 0,
          "max": "*"
        },
        "type": [
          {
            "code": "BackboneElement"
          }
        ],
        "constraint": [
          {
            "key": "eld-4",
            "severity": "error",
            "human": "Aggregation may only be specified if one of the allowed types for the element is a reference",
            "expression": "aggregation.empty() or (code = 'Reference') or (code = 'canonical')",
            "xpath": "not(exists(f:aggregation)) or exists(f:code[@value = 'Reference']) or exists(f:code[@value = 'canonical'])"
          }
        ],
        "isModifier": false,
        "isSummary": true
      }
    ]
  }
}
