{
  "resourceType": "StructureDefinition",
  "id": "MedicationRequest",
  "url": "http://hl7.org/fhir/StructureDefinition/MedicationRequest",
  "version": "4.0.1",
  "name": "MedicationRequest",
  "title": "MedicationRequest",
  "status": "active",
  "date": "2019-11-01T09:29:23+11:00",
  "publisher": "Health Level Seven International (Pharmacy)",
  "description": "An order or request for both supply of the medication and the instructions for administration of the medication to a patient.",
  "fhirVersion": "4.0.1",
  "kind": "resource",
  "abstract": false,
  "type": "MedicationRequest",
  "baseDefinition": "http://hl7.org/fhir/StructureDefinition/DomainResource",
  "derivation": "specialization",
  "snapshot": {
    "element": [
      {
        "id": "MedicationRequest",
        "path": "MedicationRequest",
        "short": "Ordering of medication for patient or group",
        "definition": "An order or request for both supply of the medication and the instructions for administration of the medication to a patient.",
        "min": 0,
        "max": "*",
        "base": {
          "path": "MedicationRequest",
          "min": 0,
          "max": "*"
        },
        "constraint": [
          {
            "key": "dom-2",
            "severity": "error",
            "human": "If the resource is contained in another resource, it SHALL NOT contain nested Resources",
            "expression": "contained.contained.empty()",
            "xpath": "not(parent::f:contained and f:contained)",
            "source": "http://hl7.org/fhir/StructureDefinition/DomainResource"
          }
        ],
        "isModifier": false,
        "isSummary": false
      },
      {
        "id": "MedicationRequest.id",
        "path": "MedicationRequest.id",
        "short": "Logical id of this artifact",
        "definition": "The logical id of the resource, as used in the URL for the resource.",
        "min": 0,
        "max": "1",
        "base": {
          "path": "Resource.id",
          "min": 0,
          "max": "1"
        },
        "type": [
          {
            "extension": [
              {
                "url": "http://hl7.org/fhir/StructureDefinition/structuredefinition-fhir-type",
                "valueUrl": "id"
              }
            ],
            "code": "http://hl7.org/fhirpath/System.String"
          }
        ],
        "isModifier": false,
        "isSummary": true
      },
      {
        "id": "MedicationRequest.status",
        "path": "MedicationRequest.status",
        "short": "active | on-hold | cancelled | completed | entered-in-error | stopped | draft | unknown",
        "definition": "A code specifying the current state of the order.",
        "min": 1,
        "max": "1",
        "base": {
          "path": "MedicationRequest.status",
          "min": 1,
          "max": "1"
        },
        "type": [
          {
            "code": "code"
          }
        ],
        "isModifier": true,
        "isModifierReason": "This element is labeled as a modifier because it is a status element that contains status entered-in-error which means that the resource should not be treated as valid",
        "isSummary": true,
        "binding": {
          "extension": [
            {
              "url": "http://hl7.org/fhir/StructureDefinition/elementdefinition-bindingName",
              "valueString": "MedicationRequestStatus"
            }
          ],
          "strength": "required",
          "description": "A coded concept specifying the state of the prescribing event. Describes the lifecycle of the prescription.",
          "valueSet": "http://hl7.org/fhir/ValueSet/medicationrequest-status"
        }
      },
      {
        "id": "MedicationRequest.intent",
        "path": "MedicationRequest.intent",
        "short": "proposal | plan | order | original-order | reflex-order | filler-order | instance-order | option",
        "definition": "Whether the request is a proposal, plan, or an original order.",
        "min": 1,
        "max": "1",
        "base": {
          "path": "MedicationRequest.intent",
          "min": 1,
          "max": "1"
        },
        "type": [
          {
            "code": "code"
          }
        ],
        "isModifier": true,
        "isModifierReason": "This element changes the interpretation of all descriptive attributes. For example \"the time the request was recommended\" vs. \"the time the request was authorized\"",
        "isSummary": true,
        "binding": {
          "extension": [
            {
              "url": "http://hl7.org/fhir/StructureDefinition/elementdefinition-bindingName",
              "valueString": "MedicationRequestIntent"
            }
          ],
          "strength": "required",
          "description": "The kind of medication order.",
          "valueSet": "http://hl7.org/fhir/ValueSet/medicationrequest-intent"
        }
      },
      {
        "id": "MedicationRequest.medication[x]",
        "path": "MedicationRequest.medication[x]",
        "short": "Medication to be taken",
        "definition": "Identifies the medication being requested. This is a link to a resource that represents the medication which may be the details of the medication or simply an attribute carrying a code that identifies the medication from a known list of medications.",
        "min": 1,
        "max": "1",
        "base": {
          "path": "MedicationRequest.medication[x]",
          "min": 1,
          "max": "1"
        },
        "type": [
          {
            "code": "CodeableConcept"
          },
          {
            "code": "Reference",
            "targetProfile": [
              "http://hl7.org/fhir/StructureDefinition/Medication"
            ]
          }
        ],
        "isModifier": false,
        "isSummary": true,
        "binding": {
          "extension": [
            {
              "url": "http://hl7.org/fhir/StructureDefinition/elementdefinition-bindingName",
              "valueString": "MedicationCode"
            }
          ],
          "strength": "example",
          "description": "A coded concept identifying the substance or product being ordered.",
          "valueSet": "http://hl7.org/fhir/ValueSet/medication-codes"
        }
      },
      {
        "id": "MedicationRequest.subject",
        "path": "MedicationRequest.subject",
        "short": "Who or group medication request is for",
        "definition": "A link to a resource representing the person or set of individuals to whom the medication will be given.",
        "min": 1,
        "max": "1",
        "base": {
          "path": "MedicationRequest.subject",
          "min": 1,
          "max": "1"
        },
        "type": [
          {
            "code": "Reference",
            "targetProfile": [
              "http://hl7.org/fhir/StructureDefinition/Patient",
              "http://hl7.org/fhir/StructureDefinition/Group"
            ]
          }
        ],
        "isModifier": false,
        "isSummary": true
      }
    ]
  }
}
