{
  "resourceType": "StructureDefinition",
  "id": "Observation",
  "url": "http://hl7.org/fhir/StructureDefinition/Observation",
  "version": "4.0.1",
  "name": "Observation",
  "title": "Observation",
  "status": "active",
  "date": "2019-11-01T09:29:23+11:00",
  "publisher": "Health Level Seven International (Orders and Observations)",
  "description": "Measurements and simple assertions made about a patient, device or other subject.",
  "fhirVersion": "4.0.1",
  "kind": "resource",
  "abstract": false,
  "type": "Observation",
  "baseDefinition": "http://hl7.org/fhir/StructureDefinition/DomainResource",
  "derivation": "specialization",
  "snapshot": {
    "element": [
      {
        "id": "Observation",
        "path": "Observation",
        "short": "Measurements and simple assertions",
        "definition": "Measurements and simple assertions made about a patient, device or other subject.",
        "min": 0,
        "max": "*",
        "base": {
          "path": "Observation",
          "min": 0,
          "max": "*"
        },
        "constraint": [
          {
            "key": "obs-6",
            "severity": "error",
            "human": "dataAbsentReason SHALL only be present if Observation.value[x] is not present",
            "expression": "dataAbsentReason.empty() or value.empty()",
            "xpath": "not(exists(f:dataAbsentReason)) or not(exists(f:*[starts-with(local-name(.), 'value')]))"
          }
        ],
        "isModifier": false,
        "isSummary": false
      },
      {
        "id": "Observation.id",
        "path": "Observation.id",
        "short": "Logical id of this artifact",
        "definition": "The logical id of the resource, as used in the URL for the resource.",
        "min": 0,
        "max": "1",
        "base": {
          "path": "Resource.id",
          "min": 0,
          "max": "1"
        },
        "type": [
          {
            "extension": [
              {
                "url": "http://hl7.org/fhir/StructureDefinition/structuredefinition-fhir-type",
                "valueUrl": "id"
              }
            ],
            "code": "http://hl7.org/fhirpath/System.String"
          }
        ],
        "isModifier": false,
        "isSummary": true
      },
      {
        "id": "Observation.status",
        "path": "Observation.status",
        "short": "registered | preliminary | final | amended +",
        "definition": "The status of the result value.",
        "min": 1,
        "max": "1",
        "base": {
          "path": "Observation.status",
          "min": 1,
          "max": "1"
        },
        "type": [
          {
            "code": "code"
          }
        ],
        "isModifier": true,
        "isModifierReason": "This element is labeled as a modifier because it is a status element that contains status entered-in-error which means that the resource should not be treated as valid",
        "isSummary": true,
        "binding": {
          "extension": [
            {
              "url": "http://hl7.org/fhir/StructureDefinition/elementdefinition-bindingName",
              "valueString": "ObservationStatus"
            }
          ],
          "strength": "required",
          "description": "Codes providing the status of an observation.",
          "valueSet": "http://hl7.org/fhir/ValueSet/observation-status"
        }
      },
      {
        "id": "Observation.code",
        "path": "Observation.code",
        "short": "Type of observation (code / type)",
        "definition": "Describes what was observed. Sometimes this is called the observation \"name\".",
        "min": 1,
        "max": "1",
        "base": {
          "path": "Observation.code",
          "min": 1,
          "max": "1"
        },
        "type": [
          {
            "code": "CodeableConcept"
          }
        ],
        "isModifier": false,
        "isSummary": true,
        "binding": {
          "extension": [
            {
              "url": "http://hl7.org/fhir/StructureDefinition/elementdefinition-bindingName",
              "valueString": "ObservationCode"
            }
          ],
          "strength": "example",
          "description": "Codes identifying names of simple observations.",
          "valueSet": "http://hl7.org/fhir/ValueSet/observation-codes"
        }
      },
      {
        "id": "Observation.subject",
        "path": "Observation.subject",
        "short": "Who and/or what the observation is about",
        "definition": "The patient, or group of patients, location, or device this observation is about.",
        "min": 0,
        "max": "1",
        "base": {
          "path": "Observation.subject",
          "min": 0,
          "max": "1"
        },
        "type": [
          {
            "code": "Reference",
            "targetProfile": [
              "http://hl7.org/fhir/StructureDefinition/Patient",
              "http://hl7.org/fhir/StructureDefinition/Group",
              "http://hl7.org/fhir/StructureDefinition/Device",
              "http://hl7.org/fhir/StructureDefinition/Location"
            ]
          }
        ],
        "isModifier": false,
        "isSummary": true
      },
      {
        "id": "Observation.value[x]",
        "path": "Observation.value[x]",
        "short": "Actual result",
        "definition": "The information determined as a result of making the observation, if the information has a simple value.",
        "min": 0,
        "max": "1",
        "base": {
          "path": "Observation.value[x]",
          "min": 0,
          "max": "1"
        },
        "type": [
          {
            "code": "Quantity"
          },
          {
            "code": "CodeableConcept"
          },
          {
            "code": "string"
          },
          {
            "code": "boolean"
          },
          {
            "code": "integer"
          },
          {
            "code": "Range"
          },
          {
            "code": "Ratio"
          },
          {
            "code": "SampledData"
          },
          {
            "code": "time"
          },
          {
            "code": "dateTime"
          },
          {
            "code": "Period"
          }
        ],
        "isModifier": false,
        "isSummary": true
      }
    ]
  }
}
