{
  "resourceType": "StructureDefinition",
  "id": "Patient",
  "url": "http://hl7.org/fhir/StructureDefinition/Patient",
  "version": "4.0.1",
  "name": "Patient",
  "title": "Patient",
  "status": "active",
  "date": "2019-11-01T09:29:23+11:00",
  "publisher": "Health Level Seven International (Patient Administration)",
  "description": "Demographics and other administrative information about an individual or animal receiving care or other health-related services.",
  "fhirVersion": "4.0.1",
  "kind": "resource",
  "abstract": false,
  "type": "Patient",
  "baseDefinition": "http://hl7.org/fhir/StructureDefinition/DomainResource",
  "derivation": "specialization",
  "snapshot": {
    "element": [
      {
        "id": "Patient",
        "path": "Patient",
        "short": "Information about an individual or animal receiving care",
        "definition": "Demographics and other administrative information about an individual or animal receiving care or other health-related services.",
        "min": 0,
        "max": "*",
        "base": {
          "path": "Patient",
          "min": 0,
          "max": "*"
        },
        "constraint": [
          {
            "key": "dom-2",
            "severity": "error",
            "human": "If the resource is contained in another resource, it SHALL NOT contain nested Resources",
            "expression": "contained.contained.empty()",
            "xpath": "not(parent::f:contained and f:contained)",
            "source": "http://hl7.org/fhir/StructureDefinition/DomainResource"
          }
        ],
        "isModifier": false,
        "isSummary": false,
        "mapping": [
          {
            "identity": "rim",
            "map": "Entity. Role, or Act"
          },
          {
            "identity": "cda",
            "map": "ClinicalDocument, if patient is the subject"
          }
        ]
      },
      {
        "id": "Patient.id",
        "path": "Patient.id",
        "short": "Logical id of this artifact",
        "definition": "The logical id of the resource, as used in the URL for the resource.",
        "min": 0,
        "max": "1",
        "base": {
          "path": "Resource.id",
          "min": 0,
          "max": "1"
        },
        "type": [
          {
            "extension": [
              {
                "url": "http://hl7.org/fhir/StructureDefinition/structuredefinition-fhir-type",
                "valueUrl": "id"
              }
            ],
            "code": "http://hl7.org/fhirpath/System.String"
          }
        ],
        "isModifier": false,
        "isSummary": true
      },
      {
        "id": "Patient.active",
        "path": "Patient.active",
        "short": "Whether this patient's record is in active use",
        "definition": "Whether this patient record is in active use.",
        "min": 0,
        "max": "1",
        "base": {
          "path": "Patient.active",
          "min": 0,
          "max": "1"
        },
        "type": [
          {
            "code": "boolean"
          }
        ],
        "isModifier": true,
        "isModifierReason": "This element is labelled as a modifier because it is a status element that can indicate that a record should not be treated as valid",
        "isSummary": true,
        "mapping": [
          {
            "identity": "w5",
            "map": "FiveWs.status"
          },
          {
            "identity": "cda",
            "map": "n/a"
          }
        ]
      },
      {
        "id": "Patient.name",
        "path": "Patient.name",
        "short": "A name associated with the patient",
        "definition": "A name associated with the individual.",
        "requirements": "Need to be able to track the patient by multiple names. Examples are your official name and a partner name.",
        "min": 0,
        "max": "*",
        "base": {
          "path": "Patient.name",
          "min": 0,
          "max": "*"
        },
        "type": [
          {
            "code": "HumanName"
          }
        ],
        "isModifier": false,
        "isSummary": true,
        "mapping": [
          {
            "identity": "v2",
            "map": "PID-5, PID-9"
          },
          {
            "identity": "rim",
            "map": "name"
          },
          {
            "identity": "cda",
            "map": ".patient.name"
          }
        ]
      },
      {
        "id": "Patient.identifier",
        "path": "Patient.identifier",
        "short": "An identifier for this patient",
        "definition": "An identifier for this patient.",
        "requirements": "Patients are almost always assigned specific numerical identifiers.",
        "min": 0,
        "max": "*",
        "base": {
          "path": "Patient.identifier",
          "min": 0,
          "max": "*"
        },
        "type": [
          {
            "code": "Identifier"
          }
        ],
        "isModifier": false,
        "isSummary": true,
        "mapping": [
          {
            "identity": "w5",
            "map": "FiveWs.identifier"
          },
          {
            "identity": "v2",
            "map": "PID-3"
          },
          {
            "identity": "rim",
            "map": "id"
          },
          {
            "identity": "cda",
            "map": ".patient.id"
          }
        ]
      },
      {
        "id": "Patient.gender",
        "path": "Patient.gender",
        "short": "male | female | other | unknown",
        "definition": "Administrative Gender - the gender that the patient is considered to have for administration and record keeping purposes.",
        "requirements": "Needed for identification of the individual, in combination with (at least) name and birth date.",
        "min": 0,
        "max": "1",
        "base": {
          "path": "Patient.gender",
          "min": 0,
          "max": "1"
        },
        "type": [
          {
            "code": "code"
          }
        ],
        "isModifier": false,
        "isSummary": true,
        "binding": {
          "extension": [
            {
              "url": "http://hl7.org/fhir/StructureDefinition/elementdefinition-bindingName",
              "valueString": "AdministrativeGender"
            },
            {
              "url": "http://hl7.org/fhir/StructureDefinition/elementdefinition-isCommonBinding",
              "valueBoolean": true
            }
          ],
          "strength": "required",
          "description": "The gender of a person used for administrative purposes.",
          "valueSet": "http://hl7.org/fhir/ValueSet/administrative-gender"
        },
        "mapping": [
          {
            "identity": "v2",
            "map": "PID-8"
          },
          {
            "identity": "rim",
            "map": "player[classCode=PSN|ANM and determinerCode=INSTANCE]/administrativeGender"
          },
          {
            "identity": "iso11179",
            "map": ".patient.administrativeGenderCode"
          },
          {
            "identity": "cda",
            "map": ".patient.administrativeGenderCode"
          }
        ]
      }
    ]
  }
}